uploaded: file-0c40a2ab4d9a4bb6b161e5513bf1019b status=processed
job: ftjob-d62e12d7586f4d5db6d6c97ef39a5638 status=pending
Polling — wait up to 25 min...
  14:10:55 status=pending
  14:12:00 status=pending
  14:13:03 status=pending
  14:14:06 status=pending
  14:15:09 status=pending
  14:16:12 status=pending
  14:17:22 status=pending
  14:18:26 status=pending
  14:19:31 status=pending
  14:20:34 status=pending
  14:21:37 status=pending
  14:22:40 status=pending
  14:23:43 status=pending
  14:24:46 status=pending
  14:25:49 status=pending
  14:26:53 status=pending
  14:27:56 status=pending
  14:28:59 status=pending
  14:30:02 status=pending
  14:31:05 status=pending
  14:32:09 status=pending
  14:33:12 status=pending
  14:34:15 status=pending
  14:35:18 status=pending
  14:36:23 status=pending

FINAL: status=pending
  trained_tokens: None
  fine_tuned_model: None

=== events (last 15) ===
  14:12:38 [info]: Preprocessing running for file training file.
  14:10:44 [info]: Job enqueued. Waiting for jobs ahead to complete.
